    Updating crates.io index
 Downloading crates ...
  Downloaded approx v0.5.1
  Downloaded adler2 v2.0.1
  Downloaded ahash v0.8.12
  Downloaded allocator-api2 v0.2.21
  Downloaded aho-corasick v1.1.5
  Downloaded arrow v58.4.0
  Downloaded arrow-arith v58.4.0
  Downloaded arrow-buffer v58.4.0
  Downloaded arrow-data v58.4.0
  Downloaded arrow-array v58.4.0
  Downloaded arrow-cast v58.4.0
  Downloaded arrow-ord v58.4.0
  Downloaded atomic-waker v1.1.2
  Downloaded autocfg v1.5.1
  Downloaded arrow-ipc v58.4.0
  Downloaded arrow-row v58.4.0
  Downloaded arrow-schema v58.4.0
  Downloaded bitflags v2.13.1
  Downloaded arrow-select v58.4.0
  Downloaded atoi v2.0.0
  Downloaded block-buffer v0.10.4
  Downloaded axum-core v0.5.6
  Downloaded base64 v0.22.1
  Downloaded arrow-string v58.4.0
  Downloaded bumpalo v3.20.3
  Downloaded axum v0.8.9
  Downloaded cfg-if v1.0.4
  Downloaded chrono v0.4.45
  Downloaded data-encoding v2.11.1
  Downloaded either v1.18.0
  Downloaded errno v0.3.14
  Downloaded fallible-iterator v0.3.0
  Downloaded const-random v0.1.18
  Downloaded cpufeatures v0.2.17
  Downloaded crossbeam-deque v0.8.8
  Downloaded comfy-table v7.1.4
  Downloaded flatbuffers v25.12.19
  Downloaded cast v0.3.0
  Downloaded const-random-macro v0.1.16
  Downloaded crc32fast v1.5.0
  Downloaded crossterm v0.28.1
  Downloaded crypto-common v0.1.7
  Downloaded digest v0.10.7
  Downloaded equivalent v1.0.2
  Downloaded fallible-streaming-iterator v0.1.9
  Downloaded filetime v0.2.29
  Downloaded find-msvc-tools v0.1.9
  Downloaded byteorder v1.5.0
  Downloaded bytes v1.12.1
  Downloaded cc v1.4.0
  Downloaded earcut v0.4.5
  Downloaded crossbeam-epoch v0.9.21
  Downloaded crossbeam-utils v0.8.23
  Downloaded duckdb v1.10505.0
  Downloaded flate2 v1.1.9
  Downloaded foldhash v0.2.0
  Downloaded futures-channel v0.3.33
  Downloaded futures-core v0.3.33
  Downloaded futures-io v0.3.33
  Downloaded futures-macro v0.3.33
  Downloaded futures-sink v0.3.33
  Downloaded futures-task v0.3.33
  Downloaded futures-executor v0.3.33
  Downloaded generic-array v0.14.7
  Downloaded geo v0.33.1
  Downloaded getrandom v0.3.4
  Downloaded hashlink v0.10.0
  Downloaded heck v0.5.0
  Downloaded hex v0.4.3
  Downloaded http-body v1.1.0
  Downloaded httparse v1.10.1
  Downloaded indexmap v2.14.0
  Downloaded crunchy v0.2.4
  Downloaded float_next_after v2.0.0
  Downloaded foldhash v0.1.5
  Downloaded form_urlencoded v1.2.2
  Downloaded futures v0.3.33
  Downloaded geo-traits v0.3.0
  Downloaded futures-util v0.3.33
  Downloaded geographiclib-rs v0.2.7
  Downloaded getrandom v0.2.17
  Downloaded half v2.7.1
  Downloaded hash32 v0.3.1
  Downloaded hashbrown v0.15.5
  Downloaded hashbrown v0.16.1
  Downloaded hashbrown v0.17.1
  Downloaded heapless v0.8.0
  Downloaded untrusted v0.9.0
  Downloaded ureq-proto v0.6.0
  Downloaded utf8-zero v0.8.1
  Downloaded geo-types v0.7.20
  Downloaded http v1.5.0
  Downloaded http-body-util v0.1.4
  Downloaded httpdate v1.0.3
  Downloaded hyper v1.11.0
  Downloaded hyper-util v0.1.20
  Downloaded i_float v1.16.0
  Downloaded i_key_sort v0.10.3
  Downloaded i_shape v1.18.0
  Downloaded itoa v1.0.18
  Downloaded tokio-macros v2.7.2
  Downloaded i_overlay v4.5.2
  Downloaded i_tree v0.18.0
  Downloaded iana-time-zone v0.1.65
  Downloaded integer-encoding v3.0.4
  Downloaded simd-adler32 v0.3.10
  Downloaded snap v1.1.2
  Downloaded version_check v0.9.5
  Downloaded xattr v1.6.1
  Downloaded mime v0.3.17
  Downloaded sync_wrapper v1.0.2
  Downloaded thiserror-impl v1.0.69
  Downloaded tiny-keccak v2.0.2
  Downloaded toml_datetime v1.1.1+spec-1.1.0
  Downloaded toml_parser v1.1.3+spec-1.1.0
  Downloaded strum_macros v0.27.2
  Downloaded toml_edit v0.25.15+spec-1.1.0
  Downloaded syn v3.0.3
  Downloaded proc-macro-crate v3.5.0
  Downloaded syn v2.0.119
  Downloaded ordered-float v2.10.1
  Downloaded strum v0.27.2
  Downloaded subtle v2.6.1
  Downloaded slab v0.4.12
  Downloaded smallvec v1.15.2
  Downloaded tar v0.4.46
  Downloaded percent-encoding v2.3.2
  Downloaded tower-layer v0.3.3
  Downloaded thiserror v1.0.69
  Downloaded thiserror-impl v2.0.19
  Downloaded tokio-tungstenite v0.29.0
  Downloaded tower-service v0.3.3
  Downloaded rand_pcg v0.10.2
  Downloaded rustc_version v0.4.1
  Downloaded seq-macro v0.3.6
  Downloaded sha1 v0.10.7
  Downloaded sif-itree v0.4.1
  Downloaded socket2 v0.6.5
  Downloaded stable_deref_trait v1.2.1
  Downloaded thiserror v2.0.19
  Downloaded jobserver v0.1.35
  Downloaded rand_chacha v0.9.0
  Downloaded scopeguard v1.2.0
  Downloaded serde_urlencoded v0.7.1
  Downloaded thrift v0.17.0
  Downloaded zmij v1.0.23
  Downloaded zeroize v1.9.0
  Downloaded tower v0.5.3
  Downloaded lock_api v0.4.14
  Downloaded matchit v0.8.4
  Downloaded pin-project-lite v0.2.17
  Downloaded quote v1.0.47
  Downloaded rand_core v0.9.5
  Downloaded twox-hash v2.1.3
  Downloaded num-complex v0.4.6
  Downloaded num-integer v0.1.46
  Downloaded num_enum v0.7.6
  Downloaded num_enum_derive v0.7.6
  Downloaded paste v1.0.15
  Downloaded ppv-lite86 v0.2.21
  Downloaded rand_core v0.10.1
  Downloaded serde_path_to_error v0.1.20
  Downloaded lexical-core v1.0.6
  Downloaded shlex v2.0.1
  Downloaded signal-hook-registry v1.4.8
  Downloaded lexical-parse-integer v1.0.6
  Downloaded pkg-config v0.3.33
  Downloaded semver v1.0.28
  Downloaded log v0.4.33
  Downloaded once_cell v1.21.4
  Downloaded tokio v1.53.1
  Downloaded parking_lot v0.12.5
  Downloaded rstar v0.12.2
  Downloaded rustls-pki-types v1.15.1
  Downloaded rustversion v1.0.23
  Downloaded tracing-core v0.1.36
  Downloaded unicode-ident v1.0.24
  Downloaded zopfli v0.8.3
  Downloaded lexical-write-integer v1.0.6
  Downloaded num-traits v0.2.19
  Downloaded spade v2.15.1
  Downloaded parking_lot_core v0.9.12
  Downloaded proc-macro2 v1.0.107
  Downloaded ryu v1.0.23
  Downloaded tungstenite v0.29.0
  Downloaded rayon-core v1.13.0
  Downloaded miniz_oxide v0.8.9
  Downloaded serde_core v1.0.229
  Downloaded serde_derive v1.0.229
  Downloaded sha2 v0.10.9
  Downloaded typenum v1.20.1
  Downloaded unicode-segmentation v1.13.3
  Downloaded ureq v3.3.0
  Downloaded zerocopy-derive v0.8.55
  Downloaded zip v6.0.0
  Downloaded lexical-util v1.0.7
  Downloaded lexical-write-float v1.0.6
  Downloaded num-bigint v0.4.8
  Downloaded memchr v2.8.3
  Downloaded mio v1.2.2
  Downloaded rand v0.9.5
  Downloaded rand v0.10.2
  Downloaded rustls-webpki v0.103.13
  Downloaded serde v1.0.229
  Downloaded unicode-width v0.2.2
  Downloaded vcpkg v0.2.15
  Downloaded winnow v1.0.4
  Downloaded webpki-roots v1.0.9
  Downloaded wkb v0.9.2
  Downloaded zlib-rs v0.6.7
  Downloaded libm v0.2.16
  Downloaded lexical-parse-float v1.0.6
  Downloaded zerocopy v0.8.55
  Downloaded rayon v1.12.0
  Downloaded regex v1.13.1
  Downloaded tracing v0.1.44
  Downloaded regex-syntax v0.8.11
  Downloaded libc v0.2.189
  Downloaded linux-raw-sys v0.4.15
  Downloaded parquet v58.4.0
  Downloaded regex-automata v0.4.18
  Downloaded linux-raw-sys v0.12.1
  Downloaded ring v0.17.14
  Downloaded robust v1.2.0
  Downloaded rustix v0.38.44
  Downloaded rustix v1.1.4
  Downloaded rustls v0.23.43
  Downloaded serde_json v1.0.151
  Downloaded libduckdb-sys v1.10505.0
   Compiling proc-macro2 v1.0.107
   Compiling quote v1.0.47
   Compiling unicode-ident v1.0.24
   Compiling libc v0.2.189
   Compiling cfg-if v1.0.4
   Compiling bytes v1.12.1
   Compiling libm v0.2.16
   Compiling autocfg v1.5.1
   Compiling num-traits v0.2.19
   Compiling version_check v0.9.5
   Compiling getrandom v0.3.4
   Compiling syn v2.0.119
   Compiling itoa v1.0.18
   Compiling zerocopy v0.8.55
   Compiling syn v3.0.3
   Compiling memchr v2.8.3
   Compiling once_cell v1.21.4
   Compiling bitflags v2.13.1
   Compiling smallvec v1.15.2
   Compiling hashbrown v0.17.1
   Compiling zmij v1.0.23
   Compiling log v0.4.33
   Compiling serde_core v1.0.229
   Compiling generic-array v0.14.7
   Compiling base64 v0.22.1
   Compiling typenum v1.20.1
   Compiling serde v1.0.229
   Compiling num-integer v0.1.46
   Compiling num-bigint v0.4.8
   Compiling serde_derive v1.0.229
   Compiling zerocopy-derive v0.8.55
   Compiling ahash v0.8.12
   Compiling serde_json v1.0.151
   Compiling crypto-common v0.1.7
   Compiling block-buffer v0.10.4
   Compiling arrow-schema v58.4.0
   Compiling equivalent v1.0.2
   Compiling iana-time-zone v0.1.65
   Compiling chrono v0.4.45
   Compiling digest v0.10.7
   Compiling num-complex v0.4.6
   Compiling ryu v1.0.23
   Compiling thiserror v2.0.19
   Compiling cpufeatures v0.2.17
   Compiling thiserror-impl v2.0.19
   Compiling percent-encoding v2.3.2
   Compiling jobserver v0.1.35
   Compiling parking_lot_core v0.9.12
   Compiling shlex v2.0.1
   Compiling semver v1.0.28
   Compiling lexical-util v1.0.7
   Compiling find-msvc-tools v0.1.9
   Compiling crossbeam-utils v0.8.23
   Compiling cc v1.4.0
   Compiling rustc_version v0.4.1
   Compiling scopeguard v1.2.0
   Compiling crossbeam-epoch v0.9.21
   Compiling rustix v0.38.44
   Compiling lock_api v0.4.14
   Compiling flatbuffers v25.12.19
   Compiling indexmap v2.14.0
   Compiling crossbeam-deque v0.8.8
   Compiling linux-raw-sys v0.4.15
   Compiling half v2.7.1
   Compiling ring v0.17.14
   Compiling arrow-buffer v58.4.0
   Compiling parking_lot v0.12.5
   Compiling lexical-write-integer v1.0.6
   Compiling arrow-data v58.4.0
   Compiling lexical-parse-integer v1.0.6
   Compiling aho-corasick v1.1.5
   Compiling regex-syntax v0.8.11
   Compiling arrow-array v58.4.0
   Compiling crc32fast v1.5.0
   Compiling byteorder v1.5.0
   Compiling rayon-core v1.13.0
   Compiling zeroize v1.9.0
   Compiling rustls-pki-types v1.15.1
   Compiling regex-automata v0.4.18
   Compiling lexical-parse-float v1.0.6
   Compiling lexical-write-float v1.0.6
   Compiling arrow-select v58.4.0
   Compiling crossterm v0.28.1
   Compiling getrandom v0.2.17
   Compiling simd-adler32 v0.3.10
   Compiling unicode-width v0.2.2
   Compiling unicode-segmentation v1.13.3
   Compiling untrusted v0.9.0
   Compiling rustix v1.1.4
   Compiling httparse v1.10.1
   Compiling comfy-table v7.1.4
   Compiling arrow-ord v58.4.0
   Compiling arrow-ipc v58.4.0
   Compiling regex v1.13.1
   Compiling lexical-core v1.0.6
   Compiling atoi v2.0.0
   Compiling adler2 v2.0.1
   Compiling heapless v0.8.0
   Compiling linux-raw-sys v0.12.1
   Compiling rustls v0.23.43
   Compiling either v1.18.0
   Compiling miniz_oxide v0.8.9
   Compiling rayon v1.12.0
   Compiling arrow-cast v58.4.0
   Compiling arrow-string v58.4.0
   Compiling rustls-webpki v0.103.13
   Compiling arrow-row v58.4.0
   Compiling arrow-arith v58.4.0
   Compiling hash32 v0.3.1
   Compiling http v1.5.0
   Compiling subtle v2.6.1
   Compiling allocator-api2 v0.2.21
   Compiling stable_deref_trait v1.2.1
   Compiling foldhash v0.2.0
   Compiling zlib-rs v0.6.7
   Compiling bumpalo v3.20.3
   Compiling winnow v1.0.4
   Compiling toml_parser v1.1.3+spec-1.1.0
   Compiling zopfli v0.8.3
   Compiling hashbrown v0.16.1
   Compiling flate2 v1.1.9
   Compiling ureq-proto v0.6.0
   Compiling arrow v58.4.0
   Compiling xattr v1.6.1
   Compiling webpki-roots v1.0.9
   Compiling filetime v0.2.29
   Compiling toml_datetime v1.1.1+spec-1.1.0
   Compiling utf8-zero v0.8.1
   Compiling robust v1.2.0
   Compiling toml_edit v0.25.15+spec-1.1.0
   Compiling tar v0.4.46
   Compiling spade v2.15.1
   Compiling zip v6.0.0
   Compiling rstar v0.12.2
   Compiling sha2 v0.10.9
   Compiling approx v0.5.1
   Compiling pkg-config v0.3.33
   Compiling vcpkg v0.2.15
   Compiling rustversion v1.0.23
   Compiling ureq v3.3.0
   Compiling geo-types v0.7.20
   Compiling proc-macro-crate v3.5.0
   Compiling i_float v1.16.0
   Compiling heck v0.5.0
   Compiling snap v1.1.2
   Compiling paste v1.0.15
   Compiling foldhash v0.1.5
   Compiling rand_core v0.10.1
   Compiling thiserror v1.0.69
   Compiling hashbrown v0.15.5
   Compiling strum_macros v0.27.2
   Compiling i_shape v1.18.0
   Compiling num_enum_derive v0.7.6
   Compiling libduckdb-sys v1.10505.0
   Compiling i_key_sort v0.10.3
   Compiling thiserror-impl v1.0.69
   Compiling ordered-float v2.10.1
   Compiling integer-encoding v3.0.4
   Compiling i_tree v0.18.0
   Compiling thrift v0.17.0
   Compiling i_overlay v4.5.2
   Compiling strum v0.27.2
   Compiling num_enum v0.7.6
   Compiling hashlink v0.10.0
   Compiling rand v0.10.2
   Compiling rand_pcg v0.10.2
   Compiling geo-traits v0.3.0
   Compiling earcut v0.4.5
   Compiling geographiclib-rs v0.2.7
   Compiling cast v0.3.0
   Compiling fallible-iterator v0.3.0
   Compiling twox-hash v2.1.3
   Compiling fallible-streaming-iterator v0.1.9
   Compiling sif-itree v0.4.1
   Compiling seq-macro v0.3.6
   Compiling float_next_after v2.0.0
   Compiling geo v0.33.1
   Compiling parquet v58.4.0
   Compiling wkb v0.9.2
   Compiling pin-project-lite v0.2.17
   Compiling futures-core v0.3.33
   Compiling futures-sink v0.3.33
   Compiling futures-channel v0.3.33
   Compiling errno v0.3.14
   Compiling signal-hook-registry v1.4.8
   Compiling futures-macro v0.3.33
   Compiling tokio-macros v2.7.2
   Compiling mio v1.2.2
   Compiling socket2 v0.6.5
   Compiling futures-task v0.3.33
   Compiling futures-io v0.3.33
   Compiling slab v0.4.12
   Compiling futures-util v0.3.33
   Compiling tokio v1.53.1
   Compiling http-body v1.1.0
   Compiling ppv-lite86 v0.2.21
   Compiling rand_core v0.9.5
   Compiling rand_chacha v0.9.0
   Compiling tracing-core v0.1.36
   Compiling tower-service v0.3.3
   Compiling hex v0.4.3
   Compiling tracing v0.1.44
   Compiling rand v0.9.5
   Compiling sha1 v0.10.7
   Compiling tower-layer v0.3.3
   Compiling data-encoding v2.11.1
   Compiling httpdate v1.0.3
   Compiling sync_wrapper v1.0.2
   Compiling atomic-waker v1.1.2
   Compiling tungstenite v0.29.0
   Compiling http-body-util v0.1.4
   Compiling form_urlencoded v1.2.2
   Compiling mime v0.3.17
   Compiling axum-core v0.5.6
   Compiling hyper v1.11.0
   Compiling hyper-util v0.1.20
   Compiling tokio-tungstenite v0.29.0
   Compiling tower v0.5.3
   Compiling serde_urlencoded v0.7.1
   Compiling futures-executor v0.3.33
   Compiling serde_path_to_error v0.1.20
   Compiling matchit v0.8.4
   Compiling futures v0.3.33
   Compiling spatial-skp v0.0.0 (/work/spatial-ide/protocol/skp)
   Compiling spatial-renderer v0.0.0 (/work/spatial-ide/renderer)
   Compiling axum v0.8.9
   Compiling spatial-data-plane v0.0.0 (/work/spatial-ide/protocol/data-plane)
   Compiling duckdb v1.10505.0
   Compiling spatial-engine v0.0.0 (/work/spatial-ide/engine)
warning: constant `WATCH_BUFFER_BYTES` is never used
  --> engine/src/watch.rs:73:18
   |
73 | pub(crate) const WATCH_BUFFER_BYTES: usize = 65536;
   |                  ^^^^^^^^^^^^^^^^^^
   |
   = note: `#[warn(dead_code)]` (part of `#[warn(unused)]`) on by default

   Compiling spatial-kernel v0.0.0 (/work/spatial-ide/kernel)
warning: `spatial-engine` (lib) generated 1 warning
warning: field `peak_working_set` is never read
   --> kernel/tests/slice_budgets.rs:186:13
    |
185 |     pub struct Counters {
    |                -------- field in this struct
186 |         pub peak_working_set: usize,
    |             ^^^^^^^^^^^^^^^^
    |
    = note: `Counters` has a derived impl for the trait `Clone`, but this is intentionally ignored during dead code analysis
    = note: `#[warn(dead_code)]` (part of `#[warn(unused)]`) on by default

warning: `spatial-kernel` (test "slice_budgets") generated 1 warning
warning: field `peak_working_set` is never read
   --> kernel/tests/indexed_budgets.rs:209:13
    |
208 |     pub struct Counters {
    |                -------- field in this struct
209 |         pub peak_working_set: usize,
    |             ^^^^^^^^^^^^^^^^
    |
    = note: `Counters` has a derived impl for the trait `Clone`, but this is intentionally ignored during dead code analysis
    = note: `#[warn(dead_code)]` (part of `#[warn(unused)]`) on by default

warning: `spatial-kernel` (test "indexed_budgets") generated 1 warning
warning: `spatial-engine` (lib test) generated 1 warning (1 duplicate)
    Finished `dev` profile [unoptimized + debuginfo] target(s) in 16m 44s
