
running 22 tests
test a_declared_crs_is_admitted_as_a_file_fact ... ok
test a_caller_may_assert_a_crs_for_a_file_that_declares_none_and_it_stays_marked ... ok
test a_definition_that_establishes_no_axis_order_is_refused ... ok
test a_latitude_first_source_is_admitted_under_the_formats_override_with_its_declared_order_kept ... ok
test a_viewport_cannot_name_a_definition_only_crs_because_that_identifier_names_nothing ... ok
test a_viewport_filter_selects_a_subset_and_every_selected_feature_intersects_it ... ok
test a_viewport_in_another_crs_is_refused_because_nothing_here_reprojects ... ok
test a_viewport_without_a_covering_bbox_column_is_refused_not_silently_scanned ... ok
test an_absent_crs_key_and_an_explicit_null_are_two_different_outcomes ... ok
test an_assertion_over_a_file_that_declares_a_crs_is_refused ... ok
test an_assertion_with_a_blank_identifier_is_refused_end_to_end ... ok
test an_assertion_with_an_oversized_definition_is_refused_before_it_is_parsed ... ok
test a_paused_consumer_bounds_producer_resident_memory ... ok
test cancelling_before_the_first_batch_stops_the_stream_without_producing_anything ... ok
test cancelling_mid_stream_stops_production_promptly ... FAILED
test every_batch_carries_the_envelope_not_just_the_first ... ok
test h6_the_engine_module_names_no_transport ... ok
test streaming_the_whole_file_returns_every_feature_with_bit_identical_coordinates ... ok
test dropping_the_stream_cancels_the_query ... ok
test the_payload_is_variable_width_geoarrow_with_holes ... ok
test the_recorded_arrow_version_is_the_one_the_workspace_pins ... ok
test the_first_batch_is_handed_over_before_the_result_is_materialized ... ok

failures:

---- cancelling_mid_stream_stops_production_promptly stdout ----

thread 'cancelling_mid_stream_stops_production_promptly' (10859) panicked at engine/tests/slice.rs:809:50:
cancel_observed was stamped
stack backtrace:
   0: __rustc::rust_begin_unwind
             at /rustc/2d8144b7880597b6e6d3dfd63a9a9efae3f533d3/library/std/src/panicking.rs:689:5
   1: core::panicking::panic_fmt
             at /rustc/2d8144b7880597b6e6d3dfd63a9a9efae3f533d3/library/core/src/panicking.rs:80:14
   2: core::panicking::panic_display::<&str>
             at /rustc/2d8144b7880597b6e6d3dfd63a9a9efae3f533d3/library/core/src/panicking.rs:259:5
   3: core::option::expect_failed
             at /rustc/2d8144b7880597b6e6d3dfd63a9a9efae3f533d3/library/core/src/option.rs:2257:5
   4: <core::option::Option<u64>>::expect
   5: slice::cancelling_mid_stream_stops_production_promptly
             at ./tests/slice.rs:809:50
   6: slice::cancelling_mid_stream_stops_production_promptly::{closure#0}
             at ./tests/slice.rs:756:53
   7: <slice::cancelling_mid_stream_stops_production_promptly::{closure#0} as core::ops::function::FnOnce<()>>::call_once
             at /rustc/2d8144b7880597b6e6d3dfd63a9a9efae3f533d3/library/core/src/ops/function.rs:250:5
   8: <fn() -> core::result::Result<(), alloc::string::String> as core::ops::function::FnOnce<()>>::call_once
             at /rustc/2d8144b7880597b6e6d3dfd63a9a9efae3f533d3/library/core/src/ops/function.rs:250:5
note: Some details are omitted, run with `RUST_BACKTRACE=full` for a verbose backtrace.


failures:
    cancelling_mid_stream_stops_production_promptly

test result: FAILED. 21 passed; 1 failed; 0 ignored; 0 measured; 0 filtered out; finished in 8.13s

